:31: (receiver.in.wrong.state)
:36: (receiver.in.wrong.state)
:58: (receiver.in.wrong.state)
:63: (receiver.in.wrong.state)
