:27: (parameter.in.wrong.state)
:32: (parameter.in.wrong.state)
