:30: (receiver.in.wrong.state)
:36: (receiver.in.wrong.state)
