:63: (receiver.in.wrong.state)
:61: (receiver.in.wrong.state)
