:28: (receiver.in.wrong.state)
:32: (receiver.in.wrong.state)
