:37: (receiver.in.wrong.state)
:43: (receiver.in.wrong.state)
:50: (receiver.in.wrong.state)
