:36: (parameter.in.wrong.state)
:43: (parameter.in.wrong.state)
:50: (parameter.in.wrong.state)
