:44: (parameter.in.wrong.state)
:45: (parameter.in.wrong.state)
:46: (parameter.in.wrong.state)
:61: (parameter.in.wrong.state)
:62: (parameter.in.wrong.state)
:63: (parameter.in.wrong.state)
:66: (parameter.in.wrong.state)
:67: (parameter.in.wrong.state)
:68: (parameter.in.wrong.state)
:80: (parameter.in.wrong.state)
:81: (parameter.in.wrong.state)
:110: (parameter.in.wrong.state)
:111: (parameter.in.wrong.state)
:112: (parameter.in.wrong.state)