:37: (parameter.in.wrong.state)
:39: (parameter.in.wrong.state)
