:68: (parameter.in.wrong.state)
:70: (parameter.in.wrong.state)
:71: (parameter.in.wrong.state)
:85: (parameter.in.wrong.state)
:86: (parameter.in.wrong.state)
:87: (parameter.in.wrong.state)