:37: (receiver.in.wrong.state)
:39: (receiver.in.wrong.state)
:40: (receiver.in.wrong.state)
